
> fitcoach@0.1.0 build D:\FitCoach
> next build

鈻?Next.js 16.2.6 (Turbopack)
- Environments: .env

  Creating an optimized production build ...
鉁?Compiled successfully in 6.0s
  Running TypeScript ...
  Finished TypeScript in 9.0s ...
  Collecting page data using 19 workers ...
node.exe : 鈿?Using edge runtime on a page currently disables static generation for that page
所在位置 C:\Users\Administrator\AppData\Local\fnm_multishells\12012_1779936040916\pnpm.ps1:16 字符: 5
+     & "$basedir/node$exe"  "$basedir/node_modules/corepack/dist/pnpm. ...
+     ~~~~~~~~~~~~~~~~~~~~~~~~~~~~~~~~~~~~~~~~~~~~~~~~~~~~~~~~~~~~~~~~~
    + CategoryInfo          : NotSpecified: (鈿?Using edge ru...n for that page:String) [], RemoteException
    + FullyQualifiedErrorId : NativeCommandError
 
  Generating static pages using 19 workers (0/70) ...
  Generating static pages using 19 workers (17/70) 
  Generating static pages using 19 workers (34/70) 
  Generating static pages using 19 workers (52/70) 
鉁?Generating static pages using 19 workers (70/70) in 517ms
  Finalizing page optimization ...

Route (app)
鈹?茠 /
鈹?茠 /_not-found
鈹?茠 /analytics
鈹?茠 /analytics/health
鈹?茠 /analytics/records
鈹?茠 /analytics/strength
鈹?茠 /analytics/volume
鈹?茠 /api/analysis/calendar
鈹?茠 /api/analysis/calendar-diet
鈹?茠 /api/analysis/fatigue
鈹?茠 /api/analysis/generate-plan
鈹?茠 /api/analysis/health-snapshot
鈹?茠 /api/analysis/muscle-history
鈹?茠 /api/analysis/muscle-volume
鈹?茠 /api/analysis/parse-free-workout
鈹?茠 /api/analysis/personal-records
鈹?茠 /api/analysis/progressive-overload
鈹?茠 /api/analysis/summary
鈹?茠 /api/analysis/trends
鈹?茠 /api/analysis/weekly-summary
鈹?茠 /api/analysis/workout-feedback
鈹?茠 /api/analysis/workout-suggestion
鈹?茠 /api/auth/[...nextauth]
鈹?茠 /api/auth/avatar
鈹?茠 /api/auth/change-password
鈹?茠 /api/auth/login
鈹?茠 /api/auth/logout
鈹?茠 /api/auth/me
鈹?茠 /api/auth/register
鈹?茠 /api/body-data
鈹?茠 /api/body-data/[id]
鈹?茠 /api/chat
鈹?茠 /api/dashboard/status
鈹?茠 /api/diet-analysis/ai-insights
鈹?茠 /api/diet-analysis/weekly-report
鈹?茠 /api/exercises
鈹?茠 /api/exercises/[id]
鈹?茠 /api/exercises/last-record
鈹?茠 /api/feedback/generate
鈹?茠 /api/feedback/history
鈹?茠 /api/food-logs
鈹?茠 /api/food-logs/[id]
鈹?茠 /api/food-logs/weekly
鈹?茠 /api/foods
鈹?茠 /api/foods/[id]
鈹?茠 /api/foods/barcode/[code]
鈹?茠 /api/foods/photo-meal
鈹?茠 /api/foods/scan
鈹?茠 /api/init
鈹?茠 /api/nutrition-goals
鈹?茠 /api/plans
鈹?茠 /api/plans/[id]
鈹?茠 /api/splash
鈹?茠 /api/streak
鈹?茠 /api/water-logs
鈹?茠 /api/workout
鈹?鈼?/apple-icon
鈹?茠 /auth/signin
鈹?茠 /auth/signup
鈹?茠 /calendar
鈹?茠 /chat
鈹?茠 /diet
鈹?茠 /diet-analysis
鈹?茠 /exercises
鈹?茠 /goals
鈹?茠 /history
鈹?鈼?/icon
鈹?茠 /intent
鈹?鈼?/manifest.webmanifest
鈹?茠 /muscle-history/[muscle]
鈹?茠 /plans
鈹?茠 /profile
鈹?茠 /profile/edit
鈹?茠 /settings
鈹?茠 /summary
鈹?茠 /training-log
鈹?茠 /workout
鈹?茠 /workout/[id]
鈹?茠 /workout/[id]/edit


茠 Proxy (Middleware)

鈼? (Static)   prerendered as static content
茠  (Dynamic)  server-rendered on demand

